../Core/Src/main.c:97:5:main	432	static
../Core/Src/main.c:263:6:SystemClock_Config	88	static
../Core/Src/main.c:305:13:MX_ADC1_Init	24	static
../Core/Src/main.c:357:13:MX_TIM2_Init	64	static
../Core/Src/main.c:421:13:MX_TIM3_Init	48	static
../Core/Src/main.c:479:13:MX_TIM4_Init	64	static
../Core/Src/main.c:538:13:MX_TIM5_Init	32	static
../Core/Src/main.c:583:13:MX_USART2_UART_Init	8	static
../Core/Src/main.c:616:13:MX_GPIO_Init	48	static
../Core/Src/main.c:689:6:HCSR04_TRIG_PULSE	16	static
../Core/Src/main.c:695:6:HAL_UART_RxCpltCallback	16	static
../Core/Src/main.c:705:6:HAL_TIM_PeriodElapsedCallback	16	static
../Core/Src/main.c:719:6:format_time	24	static
../Core/Src/main.c:742:6:ADC_Select_CH	32	static
../Core/Src/main.c:879:10:getDistance	8	static
../Core/Src/main.c:901:6:Error_Handler	4	static,ignoring_inline_asm
