../Core/Src/main.c:88:5:main	360	static
../Core/Src/main.c:222:6:SystemClock_Config	88	static
../Core/Src/main.c:264:13:MX_ADC1_Init	24	static
../Core/Src/main.c:316:13:MX_TIM2_Init	64	static
../Core/Src/main.c:380:13:MX_TIM3_Init	48	static
../Core/Src/main.c:438:13:MX_TIM4_Init	64	static
../Core/Src/main.c:497:13:MX_TIM5_Init	32	static
../Core/Src/main.c:542:13:MX_USART2_UART_Init	8	static
../Core/Src/main.c:575:13:MX_GPIO_Init	48	static
../Core/Src/main.c:647:6:HAL_UART_RxCpltCallback	16	static
../Core/Src/main.c:657:6:HAL_TIM_PeriodElapsedCallback	16	static
../Core/Src/main.c:678:6:Error_Handler	4	static,ignoring_inline_asm
