19:21:40 **** Incremental Build of configuration Debug for project UART_Test ****
make -j16 all 
arm-none-eabi-gcc "../Core/Src/main.c" -mcpu=cortex-m4 -std=gnu11 -g3 -DDEBUG -DUSE_HAL_DRIVER -DSTM32F401xE -c -I../Core/Inc -I../Drivers/STM32F4xx_HAL_Driver/Inc -I../Drivers/STM32F4xx_HAL_Driver/Inc/Legacy -I../Drivers/CMSIS/Device/ST/STM32F4xx/Include -I../Drivers/CMSIS/Include -O0 -ffunction-sections -fdata-sections -Wall -fstack-usage -fcyclomatic-complexity -MMD -MP -MF"Core/Src/main.d" -MT"Core/Src/main.o" --specs=nano.specs -mfpu=fpv4-sp-d16 -mfloat-abi=hard -mthumb -o "Core/Src/main.o"
arm-none-eabi-gcc "../Core/Src/stm32f4xx_hal_msp.c" -mcpu=cortex-m4 -std=gnu11 -g3 -DDEBUG -DUSE_HAL_DRIVER -DSTM32F401xE -c -I../Core/Inc -I../Drivers/STM32F4xx_HAL_Driver/Inc -I../Drivers/STM32F4xx_HAL_Driver/Inc/Legacy -I../Drivers/CMSIS/Device/ST/STM32F4xx/Include -I../Drivers/CMSIS/Include -O0 -ffunction-sections -fdata-sections -Wall -fstack-usage -fcyclomatic-complexity -MMD -MP -MF"Core/Src/stm32f4xx_hal_msp.d" -MT"Core/Src/stm32f4xx_hal_msp.o" --specs=nano.specs -mfpu=fpv4-sp-d16 -mfloat-abi=hard -mthumb -o "Core/Src/stm32f4xx_hal_msp.o"
arm-none-eabi-gcc "../Core/Src/stm32f4xx_it.c" -mcpu=cortex-m4 -std=gnu11 -g3 -DDEBUG -DUSE_HAL_DRIVER -DSTM32F401xE -c -I../Core/Inc -I../Drivers/STM32F4xx_HAL_Driver/Inc -I../Drivers/STM32F4xx_HAL_Driver/Inc/Legacy -I../Drivers/CMSIS/Device/ST/STM32F4xx/Include -I../Drivers/CMSIS/Include -O0 -ffunction-sections -fdata-sections -Wall -fstack-usage -fcyclomatic-complexity -MMD -MP -MF"Core/Src/stm32f4xx_it.d" -MT"Core/Src/stm32f4xx_it.o" --specs=nano.specs -mfpu=fpv4-sp-d16 -mfloat-abi=hard -mthumb -o "Core/Src/stm32f4xx_it.o"
arm-none-eabi-gcc -o "UART_Test.elf" @"objects.list"   -mcpu=cortex-m4 -T"C:\ECE 298 Lab B\ECE298_LabB\UART_Test\STM32F401RETX_FLASH.ld" --specs=nosys.specs -Wl,-Map="UART_Test.map" -Wl,--gc-sections -static --specs=nano.specs -mfpu=fpv4-sp-d16 -mfloat-abi=hard -mthumb -Wl,--start-group -lc -lm -Wl,--end-group
Finished building target: UART_Test.elf
 
arm-none-eabi-size  UART_Test.elf 
arm-none-eabi-objdump -h -S UART_Test.elf  > "UART_Test.list"
   text	   data	    bss	    dec	    hex	filename
  13788	     92	   1980	  15860	   3df4	UART_Test.elf
Finished building: default.size.stdout
 
Finished building: UART_Test.list
 
19:21:44 **** Incremental Build of configuration Debug for project UART_Test ****
make -j16 all 
arm-none-eabi-size  UART_Test.elf 
   text	   data	    bss	    dec	    hex	filename
  13788	     92	   1980	  15860	   3df4	UART_Test.elf
Finished building: default.size.stdout
 
19:23:09 **** Incremental Build of configuration Debug for project Final_demo ****
make -j16 all 
arm-none-eabi-size  Final_demo.elf 
   text	   data	    bss	    dec	    hex	filename
  19692	     92	   2284	  22068	   5634	Final_demo.elf
Finished building: default.size.stdout
 
19:26:54 **** Incremental Build of configuration Debug for project Final_demo ****
make -j16 all 
arm-none-eabi-gcc "../Core/Src/main.c" -mcpu=cortex-m4 -std=gnu11 -g3 -DDEBUG -DUSE_HAL_DRIVER -DSTM32F401xE -c -I../Core/Inc -I../Drivers/STM32F4xx_HAL_Driver/Inc -I../Drivers/STM32F4xx_HAL_Driver/Inc/Legacy -I../Drivers/CMSIS/Device/ST/STM32F4xx/Include -I../Drivers/CMSIS/Include -O0 -ffunction-sections -fdata-sections -Wall -fstack-usage -fcyclomatic-complexity -MMD -MP -MF"Core/Src/main.d" -MT"Core/Src/main.o" --specs=nano.specs -mfpu=fpv4-sp-d16 -mfloat-abi=hard -mthumb -o "Core/Src/main.o"
../Core/Src/main.c: In function 'main':
../Core/Src/main.c:170:124: warning: '  Pump LAST HOUR: ' directive writing 18 bytes into a region of size between 11 and 17 [-Wformat-overflow=]
  170 |                   sprintf((char*)txd_msg_buffer, "\r\n PIPELINE: %d      Pump PWM: %d  Pump FIRST HOUR: %d  Pump LAST HOUR: %d", pipeline[i].value, pipeline[i].pwm, pipeline[i].first_time, pipeline[i].last_time);
      |                                                                                                           ~~~~~~~~~~~~~~~~~^
../Core/Src/main.c:170:50: note: directive argument in the range [0, 255]
  170 |                   sprintf((char*)txd_msg_buffer, "\r\n PIPELINE: %d      Pump PWM: %d  Pump FIRST HOUR: %d  Pump LAST HOUR: %d", pipeline[i].value, pipeline[i].pwm, pipeline[i].first_time, pipeline[i].last_time);
      |                                                  ^~~~~~~~~~~~~~~~~~~~~~~~~~~~~~~~~~~~~~~~~~~~~~~~~~~~~~~~~~~~~~~~~~~~~~~~~~~~~~
../Core/Src/main.c:170:19: note: 'sprintf' output between 67 and 75 bytes into a destination of size 64
  170 |                   sprintf((char*)txd_msg_buffer, "\r\n PIPELINE: %d      Pump PWM: %d  Pump FIRST HOUR: %d  Pump LAST HOUR: %d", pipeline[i].value, pipeline[i].pwm, pipeline[i].first_time, pipeline[i].last_time);
      |                   ^~~~~~~~~~~~~~~~~~~~~~~~~~~~~~~~~~~~~~~~~~~~~~~~~~~~~~~~~~~~~~~~~~~~~~~~~~~~~~~~~~~~~~~~~~~~~~~~~~~~~~~~~~~~~~~~~~~~~~~~~~~~~~~~~~~~~~~~~~~~~~~~~~~~~~~~~~~~~~~~~~~~~~~~~~~~~~~~~~~~~~~~~~~~~~~~~
arm-none-eabi-gcc -o "Final_demo.elf" @"objects.list"   -mcpu=cortex-m4 -T"C:\ECE 298 Lab B\ECE298_LabB\Final_demo\STM32F401RETX_FLASH.ld" --specs=nosys.specs -Wl,-Map="Final_demo.map" -Wl,--gc-sections -static --specs=nano.specs -mfpu=fpv4-sp-d16 -mfloat-abi=hard -mthumb -Wl,--start-group -lc -lm -Wl,--end-group
Finished building target: Final_demo.elf
 
arm-none-eabi-size  Final_demo.elf 
arm-none-eabi-objdump -h -S Final_demo.elf  > "Final_demo.list"
   text	   data	    bss	    dec	    hex	filename
  19692	     92	   2284	  22068	   5634	Final_demo.elf
Finished building: default.size.stdout
 
Finished building: Final_demo.list
 
19:27:47 **** Incremental Build of configuration Debug for project Final_demo ****
make -j16 all 
arm-none-eabi-gcc "../Core/Src/main.c" -mcpu=cortex-m4 -std=gnu11 -g3 -DDEBUG -DUSE_HAL_DRIVER -DSTM32F401xE -c -I../Core/Inc -I../Drivers/STM32F4xx_HAL_Driver/Inc -I../Drivers/STM32F4xx_HAL_Driver/Inc/Legacy -I../Drivers/CMSIS/Device/ST/STM32F4xx/Include -I../Drivers/CMSIS/Include -O0 -ffunction-sections -fdata-sections -Wall -fstack-usage -fcyclomatic-complexity -MMD -MP -MF"Core/Src/main.d" -MT"Core/Src/main.o" --specs=nano.specs -mfpu=fpv4-sp-d16 -mfloat-abi=hard -mthumb -o "Core/Src/main.o"
../Core/Src/main.c: In function 'main':
../Core/Src/main.c:170:124: warning: '  Pump LAST HOUR: ' directive writing 18 bytes into a region of size between 11 and 17 [-Wformat-overflow=]
  170 |                   sprintf((char*)txd_msg_buffer, "\r\n PIPELINE: %d      Pump PWM: %d  Pump FIRST HOUR: %d  Pump LAST HOUR: %d", pipeline[i].value, pipeline[i].pwm, pipeline[i].first_time, pipeline[i].last_time);
      |                                                                                                           ~~~~~~~~~~~~~~~~~^
../Core/Src/main.c:170:50: note: directive argument in the range [0, 255]
  170 |                   sprintf((char*)txd_msg_buffer, "\r\n PIPELINE: %d      Pump PWM: %d  Pump FIRST HOUR: %d  Pump LAST HOUR: %d", pipeline[i].value, pipeline[i].pwm, pipeline[i].first_time, pipeline[i].last_time);
      |                                                  ^~~~~~~~~~~~~~~~~~~~~~~~~~~~~~~~~~~~~~~~~~~~~~~~~~~~~~~~~~~~~~~~~~~~~~~~~~~~~~
../Core/Src/main.c:170:19: note: 'sprintf' output between 67 and 75 bytes into a destination of size 64
  170 |                   sprintf((char*)txd_msg_buffer, "\r\n PIPELINE: %d      Pump PWM: %d  Pump FIRST HOUR: %d  Pump LAST HOUR: %d", pipeline[i].value, pipeline[i].pwm, pipeline[i].first_time, pipeline[i].last_time);
      |                   ^~~~~~~~~~~~~~~~~~~~~~~~~~~~~~~~~~~~~~~~~~~~~~~~~~~~~~~~~~~~~~~~~~~~~~~~~~~~~~~~~~~~~~~~~~~~~~~~~~~~~~~~~~~~~~~~~~~~~~~~~~~~~~~~~~~~~~~~~~~~~~~~~~~~~~~~~~~~~~~~~~~~~~~~~~~~~~~~~~~~~~~~~~~~~~~~~
arm-none-eabi-gcc -o "Final_demo.elf" @"objects.list"   -mcpu=cortex-m4 -T"C:\ECE 298 Lab B\ECE298_LabB\Final_demo\STM32F401RETX_FLASH.ld" --specs=nosys.specs -Wl,-Map="Final_demo.map" -Wl,--gc-sections -static --specs=nano.specs -mfpu=fpv4-sp-d16 -mfloat-abi=hard -mthumb -Wl,--start-group -lc -lm -Wl,--end-group
Finished building target: Final_demo.elf
 
arm-none-eabi-size  Final_demo.elf 
arm-none-eabi-objdump -h -S Final_demo.elf  > "Final_demo.list"
   text	   data	    bss	    dec	    hex	filename
  19692	     92	   2284	  22068	   5634	Final_demo.elf
Finished building: default.size.stdout
 
Finished building: Final_demo.list
 
19:33:05 **** Incremental Build of configuration Debug for project Final_demo ****
make -j16 all 
arm-none-eabi-gcc "../Core/Src/main.c" -mcpu=cortex-m4 -std=gnu11 -g3 -DDEBUG -DUSE_HAL_DRIVER -DSTM32F401xE -c -I../Core/Inc -I../Drivers/STM32F4xx_HAL_Driver/Inc -I../Drivers/STM32F4xx_HAL_Driver/Inc/Legacy -I../Drivers/CMSIS/Device/ST/STM32F4xx/Include -I../Drivers/CMSIS/Include -O0 -ffunction-sections -fdata-sections -Wall -fstack-usage -fcyclomatic-complexity -MMD -MP -MF"Core/Src/main.d" -MT"Core/Src/main.o" --specs=nano.specs -mfpu=fpv4-sp-d16 -mfloat-abi=hard -mthumb -o "Core/Src/main.o"
arm-none-eabi-gcc "../Core/Src/stm32f4xx_hal_msp.c" -mcpu=cortex-m4 -std=gnu11 -g3 -DDEBUG -DUSE_HAL_DRIVER -DSTM32F401xE -c -I../Core/Inc -I../Drivers/STM32F4xx_HAL_Driver/Inc -I../Drivers/STM32F4xx_HAL_Driver/Inc/Legacy -I../Drivers/CMSIS/Device/ST/STM32F4xx/Include -I../Drivers/CMSIS/Include -O0 -ffunction-sections -fdata-sections -Wall -fstack-usage -fcyclomatic-complexity -MMD -MP -MF"Core/Src/stm32f4xx_hal_msp.d" -MT"Core/Src/stm32f4xx_hal_msp.o" --specs=nano.specs -mfpu=fpv4-sp-d16 -mfloat-abi=hard -mthumb -o "Core/Src/stm32f4xx_hal_msp.o"
arm-none-eabi-gcc "../Core/Src/stm32f4xx_it.c" -mcpu=cortex-m4 -std=gnu11 -g3 -DDEBUG -DUSE_HAL_DRIVER -DSTM32F401xE -c -I../Core/Inc -I../Drivers/STM32F4xx_HAL_Driver/Inc -I../Drivers/STM32F4xx_HAL_Driver/Inc/Legacy -I../Drivers/CMSIS/Device/ST/STM32F4xx/Include -I../Drivers/CMSIS/Include -O0 -ffunction-sections -fdata-sections -Wall -fstack-usage -fcyclomatic-complexity -MMD -MP -MF"Core/Src/stm32f4xx_it.d" -MT"Core/Src/stm32f4xx_it.o" --specs=nano.specs -mfpu=fpv4-sp-d16 -mfloat-abi=hard -mthumb -o "Core/Src/stm32f4xx_it.o"
../Core/Src/main.c: In function 'main':
../Core/Src/main.c:170:124: warning: '  Pump LAST HOUR: ' directive writing 18 bytes into a region of size between 11 and 17 [-Wformat-overflow=]
  170 |                   sprintf((char*)txd_msg_buffer, "\r\n PIPELINE: %d      Pump PWM: %d  Pump FIRST HOUR: %d  Pump LAST HOUR: %d", pipeline[i].value, pipeline[i].pwm, pipeline[i].first_time, pipeline[i].last_time);
      |                                                                                                           ~~~~~~~~~~~~~~~~~^
../Core/Src/main.c:170:50: note: directive argument in the range [0, 255]
  170 |                   sprintf((char*)txd_msg_buffer, "\r\n PIPELINE: %d      Pump PWM: %d  Pump FIRST HOUR: %d  Pump LAST HOUR: %d", pipeline[i].value, pipeline[i].pwm, pipeline[i].first_time, pipeline[i].last_time);
      |                                                  ^~~~~~~~~~~~~~~~~~~~~~~~~~~~~~~~~~~~~~~~~~~~~~~~~~~~~~~~~~~~~~~~~~~~~~~~~~~~~~
../Core/Src/main.c:170:19: note: 'sprintf' output between 67 and 75 bytes into a destination of size 64
  170 |                   sprintf((char*)txd_msg_buffer, "\r\n PIPELINE: %d      Pump PWM: %d  Pump FIRST HOUR: %d  Pump LAST HOUR: %d", pipeline[i].value, pipeline[i].pwm, pipeline[i].first_time, pipeline[i].last_time);
      |                   ^~~~~~~~~~~~~~~~~~~~~~~~~~~~~~~~~~~~~~~~~~~~~~~~~~~~~~~~~~~~~~~~~~~~~~~~~~~~~~~~~~~~~~~~~~~~~~~~~~~~~~~~~~~~~~~~~~~~~~~~~~~~~~~~~~~~~~~~~~~~~~~~~~~~~~~~~~~~~~~~~~~~~~~~~~~~~~~~~~~~~~~~~~~~~~~~~
arm-none-eabi-gcc -o "Final_demo.elf" @"objects.list"   -mcpu=cortex-m4 -T"C:\ECE 298 Lab B\ECE298_LabB\Final_demo\STM32F401RETX_FLASH.ld" --specs=nosys.specs -Wl,-Map="Final_demo.map" -Wl,--gc-sections -static --specs=nano.specs -mfpu=fpv4-sp-d16 -mfloat-abi=hard -mthumb -Wl,--start-group -lc -lm -Wl,--end-group
Finished building target: Final_demo.elf
 
arm-none-eabi-size  Final_demo.elf 
arm-none-eabi-objdump -h -S Final_demo.elf  > "Final_demo.list"
   text	   data	    bss	    dec	    hex	filename
  22132	     92	   2284	  24508	   5fbc	Final_demo.elf
Finished building: default.size.stdout
 
Finished building: Final_demo.list
 
19:34:21 **** Incremental Build of configuration Debug for project Final_demo ****
make -j16 all 
arm-none-eabi-gcc "../Core/Src/main.c" -mcpu=cortex-m4 -std=gnu11 -g3 -DDEBUG -DUSE_HAL_DRIVER -DSTM32F401xE -c -I../Core/Inc -I../Drivers/STM32F4xx_HAL_Driver/Inc -I../Drivers/STM32F4xx_HAL_Driver/Inc/Legacy -I../Drivers/CMSIS/Device/ST/STM32F4xx/Include -I../Drivers/CMSIS/Include -O0 -ffunction-sections -fdata-sections -Wall -fstack-usage -fcyclomatic-complexity -MMD -MP -MF"Core/Src/main.d" -MT"Core/Src/main.o" --specs=nano.specs -mfpu=fpv4-sp-d16 -mfloat-abi=hard -mthumb -o "Core/Src/main.o"
../Core/Src/main.c: In function 'main':
../Core/Src/main.c:170:124: warning: '  Pump LAST HOUR: ' directive writing 18 bytes into a region of size between 11 and 17 [-Wformat-overflow=]
  170 |                   sprintf((char*)txd_msg_buffer, "\r\n PIPELINE: %d      Pump PWM: %d  Pump FIRST HOUR: %d  Pump LAST HOUR: %d", pipeline[i].value, pipeline[i].pwm, pipeline[i].first_time, pipeline[i].last_time);
      |                                                                                                           ~~~~~~~~~~~~~~~~~^
../Core/Src/main.c:170:50: note: directive argument in the range [0, 255]
  170 |                   sprintf((char*)txd_msg_buffer, "\r\n PIPELINE: %d      Pump PWM: %d  Pump FIRST HOUR: %d  Pump LAST HOUR: %d", pipeline[i].value, pipeline[i].pwm, pipeline[i].first_time, pipeline[i].last_time);
      |                                                  ^~~~~~~~~~~~~~~~~~~~~~~~~~~~~~~~~~~~~~~~~~~~~~~~~~~~~~~~~~~~~~~~~~~~~~~~~~~~~~
../Core/Src/main.c:170:19: note: 'sprintf' output between 67 and 75 bytes into a destination of size 64
  170 |                   sprintf((char*)txd_msg_buffer, "\r\n PIPELINE: %d      Pump PWM: %d  Pump FIRST HOUR: %d  Pump LAST HOUR: %d", pipeline[i].value, pipeline[i].pwm, pipeline[i].first_time, pipeline[i].last_time);
      |                   ^~~~~~~~~~~~~~~~~~~~~~~~~~~~~~~~~~~~~~~~~~~~~~~~~~~~~~~~~~~~~~~~~~~~~~~~~~~~~~~~~~~~~~~~~~~~~~~~~~~~~~~~~~~~~~~~~~~~~~~~~~~~~~~~~~~~~~~~~~~~~~~~~~~~~~~~~~~~~~~~~~~~~~~~~~~~~~~~~~~~~~~~~~~~~~~~~
arm-none-eabi-gcc -o "Final_demo.elf" @"objects.list"   -mcpu=cortex-m4 -T"C:\ECE 298 Lab B\ECE298_LabB\Final_demo\STM32F401RETX_FLASH.ld" --specs=nosys.specs -Wl,-Map="Final_demo.map" -Wl,--gc-sections -static --specs=nano.specs -mfpu=fpv4-sp-d16 -mfloat-abi=hard -mthumb -Wl,--start-group -lc -lm -Wl,--end-group
Finished building target: Final_demo.elf
 
arm-none-eabi-size  Final_demo.elf 
arm-none-eabi-objdump -h -S Final_demo.elf  > "Final_demo.list"
   text	   data	    bss	    dec	    hex	filename
  22144	     92	   2284	  24520	   5fc8	Final_demo.elf
Finished building: default.size.stdout
 
Finished building: Final_demo.list
 
19:35:37 **** Incremental Build of configuration Debug for project Final_demo ****
make -j16 all 
arm-none-eabi-gcc "../Core/Src/main.c" -mcpu=cortex-m4 -std=gnu11 -g3 -DDEBUG -DUSE_HAL_DRIVER -DSTM32F401xE -c -I../Core/Inc -I../Drivers/STM32F4xx_HAL_Driver/Inc -I../Drivers/STM32F4xx_HAL_Driver/Inc/Legacy -I../Drivers/CMSIS/Device/ST/STM32F4xx/Include -I../Drivers/CMSIS/Include -O0 -ffunction-sections -fdata-sections -Wall -fstack-usage -fcyclomatic-complexity -MMD -MP -MF"Core/Src/main.d" -MT"Core/Src/main.o" --specs=nano.specs -mfpu=fpv4-sp-d16 -mfloat-abi=hard -mthumb -o "Core/Src/main.o"
../Core/Src/main.c: In function 'main':
../Core/Src/main.c:170:124: warning: '  Pump LAST HOUR: ' directive writing 18 bytes into a region of size between 11 and 17 [-Wformat-overflow=]
  170 |                   sprintf((char*)txd_msg_buffer, "\r\n PIPELINE: %d      Pump PWM: %d  Pump FIRST HOUR: %d  Pump LAST HOUR: %d", pipeline[i].value, pipeline[i].pwm, pipeline[i].first_time, pipeline[i].last_time);
      |                                                                                                           ~~~~~~~~~~~~~~~~~^
../Core/Src/main.c:170:50: note: directive argument in the range [0, 255]
  170 |                   sprintf((char*)txd_msg_buffer, "\r\n PIPELINE: %d      Pump PWM: %d  Pump FIRST HOUR: %d  Pump LAST HOUR: %d", pipeline[i].value, pipeline[i].pwm, pipeline[i].first_time, pipeline[i].last_time);
      |                                                  ^~~~~~~~~~~~~~~~~~~~~~~~~~~~~~~~~~~~~~~~~~~~~~~~~~~~~~~~~~~~~~~~~~~~~~~~~~~~~~
../Core/Src/main.c:170:19: note: 'sprintf' output between 67 and 75 bytes into a destination of size 64
  170 |                   sprintf((char*)txd_msg_buffer, "\r\n PIPELINE: %d      Pump PWM: %d  Pump FIRST HOUR: %d  Pump LAST HOUR: %d", pipeline[i].value, pipeline[i].pwm, pipeline[i].first_time, pipeline[i].last_time);
      |                   ^~~~~~~~~~~~~~~~~~~~~~~~~~~~~~~~~~~~~~~~~~~~~~~~~~~~~~~~~~~~~~~~~~~~~~~~~~~~~~~~~~~~~~~~~~~~~~~~~~~~~~~~~~~~~~~~~~~~~~~~~~~~~~~~~~~~~~~~~~~~~~~~~~~~~~~~~~~~~~~~~~~~~~~~~~~~~~~~~~~~~~~~~~~~~~~~~
arm-none-eabi-gcc -o "Final_demo.elf" @"objects.list"   -mcpu=cortex-m4 -T"C:\ECE 298 Lab B\ECE298_LabB\Final_demo\STM32F401RETX_FLASH.ld" --specs=nosys.specs -Wl,-Map="Final_demo.map" -Wl,--gc-sections -static --specs=nano.specs -mfpu=fpv4-sp-d16 -mfloat-abi=hard -mthumb -Wl,--start-group -lc -lm -Wl,--end-group
Finished building target: Final_demo.elf
 
arm-none-eabi-size  Final_demo.elf 
arm-none-eabi-objdump -h -S Final_demo.elf  > "Final_demo.list"
   text	   data	    bss	    dec	    hex	filename
  22140	     92	   2284	  24516	   5fc4	Final_demo.elf
Finished building: default.size.stdout
 
Finished building: Final_demo.list
 
19:38:22 **** Incremental Build of configuration Debug for project Final_demo ****
make -j16 all 
arm-none-eabi-gcc "../Core/Src/main.c" -mcpu=cortex-m4 -std=gnu11 -g3 -DDEBUG -DUSE_HAL_DRIVER -DSTM32F401xE -c -I../Core/Inc -I../Drivers/STM32F4xx_HAL_Driver/Inc -I../Drivers/STM32F4xx_HAL_Driver/Inc/Legacy -I../Drivers/CMSIS/Device/ST/STM32F4xx/Include -I../Drivers/CMSIS/Include -O0 -ffunction-sections -fdata-sections -Wall -fstack-usage -fcyclomatic-complexity -MMD -MP -MF"Core/Src/main.d" -MT"Core/Src/main.o" --specs=nano.specs -mfpu=fpv4-sp-d16 -mfloat-abi=hard -mthumb -o "Core/Src/main.o"
../Core/Src/main.c: In function 'main':
../Core/Src/main.c:170:124: warning: '  Pump LAST HOUR: ' directive writing 18 bytes into a region of size between 11 and 17 [-Wformat-overflow=]
  170 |                   sprintf((char*)txd_msg_buffer, "\r\n PIPELINE: %d      Pump PWM: %d  Pump FIRST HOUR: %d  Pump LAST HOUR: %d\n", pipeline[i].value, pipeline[i].pwm, pipeline[i].first_time, pipeline[i].last_time);
      |                                                                                                           ~~~~~~~~~~~~~~~~~^
../Core/Src/main.c:170:50: note: directive argument in the range [0, 255]
  170 |                   sprintf((char*)txd_msg_buffer, "\r\n PIPELINE: %d      Pump PWM: %d  Pump FIRST HOUR: %d  Pump LAST HOUR: %d\n", pipeline[i].value, pipeline[i].pwm, pipeline[i].first_time, pipeline[i].last_time);
      |                                                  ^~~~~~~~~~~~~~~~~~~~~~~~~~~~~~~~~~~~~~~~~~~~~~~~~~~~~~~~~~~~~~~~~~~~~~~~~~~~~~~~
../Core/Src/main.c:170:19: note: 'sprintf' output between 68 and 76 bytes into a destination of size 64
  170 |                   sprintf((char*)txd_msg_buffer, "\r\n PIPELINE: %d      Pump PWM: %d  Pump FIRST HOUR: %d  Pump LAST HOUR: %d\n", pipeline[i].value, pipeline[i].pwm, pipeline[i].first_time, pipeline[i].last_time);
      |                   ^~~~~~~~~~~~~~~~~~~~~~~~~~~~~~~~~~~~~~~~~~~~~~~~~~~~~~~~~~~~~~~~~~~~~~~~~~~~~~~~~~~~~~~~~~~~~~~~~~~~~~~~~~~~~~~~~~~~~~~~~~~~~~~~~~~~~~~~~~~~~~~~~~~~~~~~~~~~~~~~~~~~~~~~~~~~~~~~~~~~~~~~~~~~~~~~~~~
arm-none-eabi-gcc -o "Final_demo.elf" @"objects.list"   -mcpu=cortex-m4 -T"C:\ECE 298 Lab B\ECE298_LabB\Final_demo\STM32F401RETX_FLASH.ld" --specs=nosys.specs -Wl,-Map="Final_demo.map" -Wl,--gc-sections -static --specs=nano.specs -mfpu=fpv4-sp-d16 -mfloat-abi=hard -mthumb -Wl,--start-group -lc -lm -Wl,--end-group
Finished building target: Final_demo.elf
 
arm-none-eabi-size  Final_demo.elf 
arm-none-eabi-objdump -h -S Final_demo.elf  > "Final_demo.list"
   text	   data	    bss	    dec	    hex	filename
  22140	     92	   2284	  24516	   5fc4	Final_demo.elf
Finished building: default.size.stdout
 
Finished building: Final_demo.list
 
19:41:05 **** Incremental Build of configuration Debug for project Final_demo ****
make -j16 all 
arm-none-eabi-gcc "../Core/Src/main.c" -mcpu=cortex-m4 -std=gnu11 -g3 -DDEBUG -DUSE_HAL_DRIVER -DSTM32F401xE -c -I../Core/Inc -I../Drivers/STM32F4xx_HAL_Driver/Inc -I../Drivers/STM32F4xx_HAL_Driver/Inc/Legacy -I../Drivers/CMSIS/Device/ST/STM32F4xx/Include -I../Drivers/CMSIS/Include -O0 -ffunction-sections -fdata-sections -Wall -fstack-usage -fcyclomatic-complexity -MMD -MP -MF"Core/Src/main.d" -MT"Core/Src/main.o" --specs=nano.specs -mfpu=fpv4-sp-d16 -mfloat-abi=hard -mthumb -o "Core/Src/main.o"
arm-none-eabi-gcc -o "Final_demo.elf" @"objects.list"   -mcpu=cortex-m4 -T"C:\ECE 298 Lab B\ECE298_LabB\Final_demo\STM32F401RETX_FLASH.ld" --specs=nosys.specs -Wl,-Map="Final_demo.map" -Wl,--gc-sections -static --specs=nano.specs -mfpu=fpv4-sp-d16 -mfloat-abi=hard -mthumb -Wl,--start-group -lc -lm -Wl,--end-group
Finished building target: Final_demo.elf
 
arm-none-eabi-size  Final_demo.elf 
arm-none-eabi-objdump -h -S Final_demo.elf  > "Final_demo.list"
   text	   data	    bss	    dec	    hex	filename
  22184	     92	   2284	  24560	   5ff0	Final_demo.elf
Finished building: default.size.stdout
 
Finished building: Final_demo.list
 
19:43:02 **** Incremental Build of configuration Debug for project Final_demo ****
make -j16 all 
arm-none-eabi-gcc "../Core/Src/main.c" -mcpu=cortex-m4 -std=gnu11 -g3 -DDEBUG -DUSE_HAL_DRIVER -DSTM32F401xE -c -I../Core/Inc -I../Drivers/STM32F4xx_HAL_Driver/Inc -I../Drivers/STM32F4xx_HAL_Driver/Inc/Legacy -I../Drivers/CMSIS/Device/ST/STM32F4xx/Include -I../Drivers/CMSIS/Include -O0 -ffunction-sections -fdata-sections -Wall -fstack-usage -fcyclomatic-complexity -MMD -MP -MF"Core/Src/main.d" -MT"Core/Src/main.o" --specs=nano.specs -mfpu=fpv4-sp-d16 -mfloat-abi=hard -mthumb -o "Core/Src/main.o"
arm-none-eabi-gcc -o "Final_demo.elf" @"objects.list"   -mcpu=cortex-m4 -T"C:\ECE 298 Lab B\ECE298_LabB\Final_demo\STM32F401RETX_FLASH.ld" --specs=nosys.specs -Wl,-Map="Final_demo.map" -Wl,--gc-sections -static --specs=nano.specs -mfpu=fpv4-sp-d16 -mfloat-abi=hard -mthumb -Wl,--start-group -lc -lm -Wl,--end-group
Finished building target: Final_demo.elf
 
arm-none-eabi-size  Final_demo.elf 
arm-none-eabi-objdump -h -S Final_demo.elf  > "Final_demo.list"
   text	   data	    bss	    dec	    hex	filename
  22248	     92	   2284	  24624	   6030	Final_demo.elf
Finished building: default.size.stdout
 
Finished building: Final_demo.list
 
19:45:45 **** Incremental Build of configuration Debug for project Final_demo ****
make -j16 all 
arm-none-eabi-gcc "../Core/Src/main.c" -mcpu=cortex-m4 -std=gnu11 -g3 -DDEBUG -DUSE_HAL_DRIVER -DSTM32F401xE -c -I../Core/Inc -I../Drivers/STM32F4xx_HAL_Driver/Inc -I../Drivers/STM32F4xx_HAL_Driver/Inc/Legacy -I../Drivers/CMSIS/Device/ST/STM32F4xx/Include -I../Drivers/CMSIS/Include -O0 -ffunction-sections -fdata-sections -Wall -fstack-usage -fcyclomatic-complexity -MMD -MP -MF"Core/Src/main.d" -MT"Core/Src/main.o" --specs=nano.specs -mfpu=fpv4-sp-d16 -mfloat-abi=hard -mthumb -o "Core/Src/main.o"
arm-none-eabi-gcc -o "Final_demo.elf" @"objects.list"   -mcpu=cortex-m4 -T"C:\ECE 298 Lab B\ECE298_LabB\Final_demo\STM32F401RETX_FLASH.ld" --specs=nosys.specs -Wl,-Map="Final_demo.map" -Wl,--gc-sections -static --specs=nano.specs -mfpu=fpv4-sp-d16 -mfloat-abi=hard -mthumb -Wl,--start-group -lc -lm -Wl,--end-group
Finished building target: Final_demo.elf
 
arm-none-eabi-size  Final_demo.elf 
arm-none-eabi-objdump -h -S Final_demo.elf  > "Final_demo.list"
   text	   data	    bss	    dec	    hex	filename
  22256	     92	   2284	  24632	   6038	Final_demo.elf
Finished building: default.size.stdout
 
Finished building: Final_demo.list
 
19:46:30 **** Incremental Build of configuration Debug for project Final_demo ****
make -j16 all 
arm-none-eabi-gcc "../Core/Src/main.c" -mcpu=cortex-m4 -std=gnu11 -g3 -DDEBUG -DUSE_HAL_DRIVER -DSTM32F401xE -c -I../Core/Inc -I../Drivers/STM32F4xx_HAL_Driver/Inc -I../Drivers/STM32F4xx_HAL_Driver/Inc/Legacy -I../Drivers/CMSIS/Device/ST/STM32F4xx/Include -I../Drivers/CMSIS/Include -O0 -ffunction-sections -fdata-sections -Wall -fstack-usage -fcyclomatic-complexity -MMD -MP -MF"Core/Src/main.d" -MT"Core/Src/main.o" --specs=nano.specs -mfpu=fpv4-sp-d16 -mfloat-abi=hard -mthumb -o "Core/Src/main.o"
../Core/Src/main.c: In function 'main':
../Core/Src/main.c:126:48: warning: passing argument 2 of 'HAL_UART_Receive_IT' discards 'volatile' qualifier from pointer target type [-Wdiscarded-qualifiers]
  126 |                   HAL_UART_Receive_IT(&huart2, &byte, 1); // enables receiver to create interrupt when character arrives. it's placed in "byte"
      |                                                ^~~~~
In file included from ../Core/Inc/stm32f4xx_hal_conf.h:411,
                 from ../Drivers/STM32F4xx_HAL_Driver/Inc/stm32f4xx_hal.h:29,
                 from ../Core/Inc/main.h:30,
                 from ../Core/Src/main.c:20:
../Drivers/STM32F4xx_HAL_Driver/Inc/stm32f4xx_hal_uart.h:748:75: note: expected 'uint8_t *' {aka 'unsigned char *'} but argument is of type 'volatile uint8_t *' {aka 'volatile unsigned char *'}
  748 | HAL_StatusTypeDef HAL_UART_Receive_IT(UART_HandleTypeDef *huart, uint8_t *pData, uint16_t Size);
      |                                                                  ~~~~~~~~~^~~~~
../Core/Src/main.c:137:48: warning: passing argument 2 of 'HAL_UART_Receive_IT' discards 'volatile' qualifier from pointer target type [-Wdiscarded-qualifiers]
  137 |                   HAL_UART_Receive_IT(&huart2, &byte, 1); // enables receiver to create interrupt when character arrives. it's placed in "byte"
      |                                                ^~~~~
../Drivers/STM32F4xx_HAL_Driver/Inc/stm32f4xx_hal_uart.h:748:75: note: expected 'uint8_t *' {aka 'unsigned char *'} but argument is of type 'volatile uint8_t *' {aka 'volatile unsigned char *'}
  748 | HAL_StatusTypeDef HAL_UART_Receive_IT(UART_HandleTypeDef *huart, uint8_t *pData, uint16_t Size);
      |                                                                  ~~~~~~~~~^~~~~
../Core/Src/main.c:148:48: warning: passing argument 2 of 'HAL_UART_Receive_IT' discards 'volatile' qualifier from pointer target type [-Wdiscarded-qualifiers]
  148 |                   HAL_UART_Receive_IT(&huart2, &byte, 1); // enables receiver to create interrupt when character arrives. it's placed in "byte"
      |                                                ^~~~~
../Drivers/STM32F4xx_HAL_Driver/Inc/stm32f4xx_hal_uart.h:748:75: note: expected 'uint8_t *' {aka 'unsigned char *'} but argument is of type 'volatile uint8_t *' {aka 'volatile unsigned char *'}
  748 | HAL_StatusTypeDef HAL_UART_Receive_IT(UART_HandleTypeDef *huart, uint8_t *pData, uint16_t Size);
      |                                                                  ~~~~~~~~~^~~~~
../Core/Src/main.c:157:48: warning: passing argument 2 of 'HAL_UART_Receive_IT' discards 'volatile' qualifier from pointer target type [-Wdiscarded-qualifiers]
  157 |                   HAL_UART_Receive_IT(&huart2, &byte, 1); // enables receiver to create interrupt when character arrives. it's placed in "byte"
      |                                                ^~~~~
../Drivers/STM32F4xx_HAL_Driver/Inc/stm32f4xx_hal_uart.h:748:75: note: expected 'uint8_t *' {aka 'unsigned char *'} but argument is of type 'volatile uint8_t *' {aka 'volatile unsigned char *'}
  748 | HAL_StatusTypeDef HAL_UART_Receive_IT(UART_HandleTypeDef *huart, uint8_t *pData, uint16_t Size);
      |                                                                  ~~~~~~~~~^~~~~
../Core/Src/main.c: In function 'HAL_UART_RxCpltCallback':
../Core/Src/main.c:579:44: warning: passing argument 2 of 'HAL_UART_Transmit' discards 'volatile' qualifier from pointer target type [-Wdiscarded-qualifiers]
  579 |                 HAL_UART_Transmit(&huart2, &byte, 1, 100);
      |                                            ^~~~~
../Drivers/STM32F4xx_HAL_Driver/Inc/stm32f4xx_hal_uart.h:745:79: note: expected 'const uint8_t *' {aka 'const unsigned char *'} but argument is of type 'volatile uint8_t *' {aka 'volatile unsigned char *'}
  745 | HAL_StatusTypeDef HAL_UART_Transmit(UART_HandleTypeDef *huart, const uint8_t *pData, uint16_t Size, uint32_t Timeout);
      |                                                                ~~~~~~~~~~~~~~~^~~~~
arm-none-eabi-gcc -o "Final_demo.elf" @"objects.list"   -mcpu=cortex-m4 -T"C:\ECE 298 Lab B\ECE298_LabB\Final_demo\STM32F401RETX_FLASH.ld" --specs=nosys.specs -Wl,-Map="Final_demo.map" -Wl,--gc-sections -static --specs=nano.specs -mfpu=fpv4-sp-d16 -mfloat-abi=hard -mthumb -Wl,--start-group -lc -lm -Wl,--end-group
Finished building target: Final_demo.elf
 
arm-none-eabi-size  Final_demo.elf 
arm-none-eabi-objdump -h -S Final_demo.elf  > "Final_demo.list"
   text	   data	    bss	    dec	    hex	filename
  22260	     92	   2284	  24636	   603c	Final_demo.elf
Finished building: default.size.stdout
 
Finished building: Final_demo.list
 
19:47:34 **** Incremental Build of configuration Debug for project Final_demo ****
make -j16 all 
arm-none-eabi-gcc "../Core/Src/main.c" -mcpu=cortex-m4 -std=gnu11 -g3 -DDEBUG -DUSE_HAL_DRIVER -DSTM32F401xE -c -I../Core/Inc -I../Drivers/STM32F4xx_HAL_Driver/Inc -I../Drivers/STM32F4xx_HAL_Driver/Inc/Legacy -I../Drivers/CMSIS/Device/ST/STM32F4xx/Include -I../Drivers/CMSIS/Include -O0 -ffunction-sections -fdata-sections -Wall -fstack-usage -fcyclomatic-complexity -MMD -MP -MF"Core/Src/main.d" -MT"Core/Src/main.o" --specs=nano.specs -mfpu=fpv4-sp-d16 -mfloat-abi=hard -mthumb -o "Core/Src/main.o"
../Core/Src/main.c: In function 'main':
../Core/Src/main.c:126:48: warning: passing argument 2 of 'HAL_UART_Receive_IT' discards 'volatile' qualifier from pointer target type [-Wdiscarded-qualifiers]
  126 |                   HAL_UART_Receive_IT(&huart2, &byte, 1); // enables receiver to create interrupt when character arrives. it's placed in "byte"
      |                                                ^~~~~
In file included from ../Core/Inc/stm32f4xx_hal_conf.h:411,
                 from ../Drivers/STM32F4xx_HAL_Driver/Inc/stm32f4xx_hal.h:29,
                 from ../Core/Inc/main.h:30,
                 from ../Core/Src/main.c:20:
../Drivers/STM32F4xx_HAL_Driver/Inc/stm32f4xx_hal_uart.h:748:75: note: expected 'uint8_t *' {aka 'unsigned char *'} but argument is of type 'volatile uint8_t *' {aka 'volatile unsigned char *'}
  748 | HAL_StatusTypeDef HAL_UART_Receive_IT(UART_HandleTypeDef *huart, uint8_t *pData, uint16_t Size);
      |                                                                  ~~~~~~~~~^~~~~
../Core/Src/main.c:137:48: warning: passing argument 2 of 'HAL_UART_Receive_IT' discards 'volatile' qualifier from pointer target type [-Wdiscarded-qualifiers]
  137 |                   HAL_UART_Receive_IT(&huart2, &byte, 1); // enables receiver to create interrupt when character arrives. it's placed in "byte"
      |                                                ^~~~~
../Drivers/STM32F4xx_HAL_Driver/Inc/stm32f4xx_hal_uart.h:748:75: note: expected 'uint8_t *' {aka 'unsigned char *'} but argument is of type 'volatile uint8_t *' {aka 'volatile unsigned char *'}
  748 | HAL_StatusTypeDef HAL_UART_Receive_IT(UART_HandleTypeDef *huart, uint8_t *pData, uint16_t Size);
      |                                                                  ~~~~~~~~~^~~~~
../Core/Src/main.c:148:48: warning: passing argument 2 of 'HAL_UART_Receive_IT' discards 'volatile' qualifier from pointer target type [-Wdiscarded-qualifiers]
  148 |                   HAL_UART_Receive_IT(&huart2, &byte, 1); // enables receiver to create interrupt when character arrives. it's placed in "byte"
      |                                                ^~~~~
../Drivers/STM32F4xx_HAL_Driver/Inc/stm32f4xx_hal_uart.h:748:75: note: expected 'uint8_t *' {aka 'unsigned char *'} but argument is of type 'volatile uint8_t *' {aka 'volatile unsigned char *'}
  748 | HAL_StatusTypeDef HAL_UART_Receive_IT(UART_HandleTypeDef *huart, uint8_t *pData, uint16_t Size);
      |                                                                  ~~~~~~~~~^~~~~
../Core/Src/main.c:157:48: warning: passing argument 2 of 'HAL_UART_Receive_IT' discards 'volatile' qualifier from pointer target type [-Wdiscarded-qualifiers]
  157 |                   HAL_UART_Receive_IT(&huart2, &byte, 1); // enables receiver to create interrupt when character arrives. it's placed in "byte"
      |                                                ^~~~~
../Drivers/STM32F4xx_HAL_Driver/Inc/stm32f4xx_hal_uart.h:748:75: note: expected 'uint8_t *' {aka 'unsigned char *'} but argument is of type 'volatile uint8_t *' {aka 'volatile unsigned char *'}
  748 | HAL_StatusTypeDef HAL_UART_Receive_IT(UART_HandleTypeDef *huart, uint8_t *pData, uint16_t Size);
      |                                                                  ~~~~~~~~~^~~~~
../Core/Src/main.c: In function 'HAL_UART_RxCpltCallback':
../Core/Src/main.c:579:44: warning: passing argument 2 of 'HAL_UART_Transmit' discards 'volatile' qualifier from pointer target type [-Wdiscarded-qualifiers]
  579 |                 HAL_UART_Transmit(&huart2, &byte, 1, 100);
      |                                            ^~~~~
../Drivers/STM32F4xx_HAL_Driver/Inc/stm32f4xx_hal_uart.h:745:79: note: expected 'const uint8_t *' {aka 'const unsigned char *'} but argument is of type 'volatile uint8_t *' {aka 'volatile unsigned char *'}
  745 | HAL_StatusTypeDef HAL_UART_Transmit(UART_HandleTypeDef *huart, const uint8_t *pData, uint16_t Size, uint32_t Timeout);
      |                                                                ~~~~~~~~~~~~~~~^~~~~
arm-none-eabi-gcc -o "Final_demo.elf" @"objects.list"   -mcpu=cortex-m4 -T"C:\ECE 298 Lab B\ECE298_LabB\Final_demo\STM32F401RETX_FLASH.ld" --specs=nosys.specs -Wl,-Map="Final_demo.map" -Wl,--gc-sections -static --specs=nano.specs -mfpu=fpv4-sp-d16 -mfloat-abi=hard -mthumb -Wl,--start-group -lc -lm -Wl,--end-group
Finished building target: Final_demo.elf
 
arm-none-eabi-size  Final_demo.elf 
arm-none-eabi-objdump -h -S Final_demo.elf  > "Final_demo.list"
   text	   data	    bss	    dec	    hex	filename
  22264	     92	   2284	  24640	   6040	Final_demo.elf
Finished building: default.size.stdout
 
Finished building: Final_demo.list
 
19:48:04 **** Incremental Build of configuration Debug for project Final_demo ****
make -j16 all 
arm-none-eabi-gcc "../Core/Src/main.c" -mcpu=cortex-m4 -std=gnu11 -g3 -DDEBUG -DUSE_HAL_DRIVER -DSTM32F401xE -c -I../Core/Inc -I../Drivers/STM32F4xx_HAL_Driver/Inc -I../Drivers/STM32F4xx_HAL_Driver/Inc/Legacy -I../Drivers/CMSIS/Device/ST/STM32F4xx/Include -I../Drivers/CMSIS/Include -O0 -ffunction-sections -fdata-sections -Wall -fstack-usage -fcyclomatic-complexity -MMD -MP -MF"Core/Src/main.d" -MT"Core/Src/main.o" --specs=nano.specs -mfpu=fpv4-sp-d16 -mfloat-abi=hard -mthumb -o "Core/Src/main.o"
../Core/Src/main.c: In function 'main':
../Core/Src/main.c:126:48: warning: passing argument 2 of 'HAL_UART_Receive_IT' discards 'volatile' qualifier from pointer target type [-Wdiscarded-qualifiers]
  126 |                   HAL_UART_Receive_IT(&huart2, &byte, 1); // enables receiver to create interrupt when character arrives. it's placed in "byte"
      |                                                ^~~~~
In file included from ../Core/Inc/stm32f4xx_hal_conf.h:411,
                 from ../Drivers/STM32F4xx_HAL_Driver/Inc/stm32f4xx_hal.h:29,
                 from ../Core/Inc/main.h:30,
                 from ../Core/Src/main.c:20:
../Drivers/STM32F4xx_HAL_Driver/Inc/stm32f4xx_hal_uart.h:748:75: note: expected 'uint8_t *' {aka 'unsigned char *'} but argument is of type 'volatile uint8_t *' {aka 'volatile unsigned char *'}
  748 | HAL_StatusTypeDef HAL_UART_Receive_IT(UART_HandleTypeDef *huart, uint8_t *pData, uint16_t Size);
      |                                                                  ~~~~~~~~~^~~~~
../Core/Src/main.c:137:48: warning: passing argument 2 of 'HAL_UART_Receive_IT' discards 'volatile' qualifier from pointer target type [-Wdiscarded-qualifiers]
  137 |                   HAL_UART_Receive_IT(&huart2, &byte, 1); // enables receiver to create interrupt when character arrives. it's placed in "byte"
      |                                                ^~~~~
../Drivers/STM32F4xx_HAL_Driver/Inc/stm32f4xx_hal_uart.h:748:75: note: expected 'uint8_t *' {aka 'unsigned char *'} but argument is of type 'volatile uint8_t *' {aka 'volatile unsigned char *'}
  748 | HAL_StatusTypeDef HAL_UART_Receive_IT(UART_HandleTypeDef *huart, uint8_t *pData, uint16_t Size);
      |                                                                  ~~~~~~~~~^~~~~
../Core/Src/main.c:148:48: warning: passing argument 2 of 'HAL_UART_Receive_IT' discards 'volatile' qualifier from pointer target type [-Wdiscarded-qualifiers]
  148 |                   HAL_UART_Receive_IT(&huart2, &byte, 1); // enables receiver to create interrupt when character arrives. it's placed in "byte"
      |                                                ^~~~~
../Drivers/STM32F4xx_HAL_Driver/Inc/stm32f4xx_hal_uart.h:748:75: note: expected 'uint8_t *' {aka 'unsigned char *'} but argument is of type 'volatile uint8_t *' {aka 'volatile unsigned char *'}
  748 | HAL_StatusTypeDef HAL_UART_Receive_IT(UART_HandleTypeDef *huart, uint8_t *pData, uint16_t Size);
      |                                                                  ~~~~~~~~~^~~~~
../Core/Src/main.c:157:48: warning: passing argument 2 of 'HAL_UART_Receive_IT' discards 'volatile' qualifier from pointer target type [-Wdiscarded-qualifiers]
  157 |                   HAL_UART_Receive_IT(&huart2, &byte, 1); // enables receiver to create interrupt when character arrives. it's placed in "byte"
      |                                                ^~~~~
../Drivers/STM32F4xx_HAL_Driver/Inc/stm32f4xx_hal_uart.h:748:75: note: expected 'uint8_t *' {aka 'unsigned char *'} but argument is of type 'volatile uint8_t *' {aka 'volatile unsigned char *'}
  748 | HAL_StatusTypeDef HAL_UART_Receive_IT(UART_HandleTypeDef *huart, uint8_t *pData, uint16_t Size);
      |                                                                  ~~~~~~~~~^~~~~
../Core/Src/main.c: In function 'HAL_UART_RxCpltCallback':
../Core/Src/main.c:579:44: warning: passing argument 2 of 'HAL_UART_Transmit' discards 'volatile' qualifier from pointer target type [-Wdiscarded-qualifiers]
  579 |                 HAL_UART_Transmit(&huart2, &byte, 1, 100);
      |                                            ^~~~~
../Drivers/STM32F4xx_HAL_Driver/Inc/stm32f4xx_hal_uart.h:745:79: note: expected 'const uint8_t *' {aka 'const unsigned char *'} but argument is of type 'volatile uint8_t *' {aka 'volatile unsigned char *'}
  745 | HAL_StatusTypeDef HAL_UART_Transmit(UART_HandleTypeDef *huart, const uint8_t *pData, uint16_t Size, uint32_t Timeout);
      |                                                                ~~~~~~~~~~~~~~~^~~~~
arm-none-eabi-gcc -o "Final_demo.elf" @"objects.list"   -mcpu=cortex-m4 -T"C:\ECE 298 Lab B\ECE298_LabB\Final_demo\STM32F401RETX_FLASH.ld" --specs=nosys.specs -Wl,-Map="Final_demo.map" -Wl,--gc-sections -static --specs=nano.specs -mfpu=fpv4-sp-d16 -mfloat-abi=hard -mthumb -Wl,--start-group -lc -lm -Wl,--end-group
Finished building target: Final_demo.elf
 
arm-none-eabi-size  Final_demo.elf 
arm-none-eabi-objdump -h -S Final_demo.elf  > "Final_demo.list"
   text	   data	    bss	    dec	    hex	filename
  22264	     92	   2284	  24640	   6040	Final_demo.elf
Finished building: default.size.stdout
 
Finished building: Final_demo.list
 
