22:02:48 **** Incremental Build of configuration Debug for project Final_demo ****
make -j16 all 
arm-none-eabi-gcc "../Core/Src/main.c" -mcpu=cortex-m4 -std=gnu11 -g3 -DDEBUG -DUSE_HAL_DRIVER -DSTM32F401xE -c -I../Core/Inc -I../Drivers/STM32F4xx_HAL_Driver/Inc -I../Drivers/STM32F4xx_HAL_Driver/Inc/Legacy -I../Drivers/CMSIS/Device/ST/STM32F4xx/Include -I../Drivers/CMSIS/Include -O0 -ffunction-sections -fdata-sections -Wall -fstack-usage -fcyclomatic-complexity -MMD -MP -MF"Core/Src/main.d" -MT"Core/Src/main.o" --specs=nano.specs -mfpu=fpv4-sp-d16 -mfloat-abi=hard -mthumb -o "Core/Src/main.o"
../Core/Src/main.c: In function 'main':
../Core/Src/main.c:137:48: warning: passing argument 2 of 'HAL_UART_Receive_IT' discards 'volatile' qualifier from pointer target type [-Wdiscarded-qualifiers]
  137 |                   HAL_UART_Receive_IT(&huart2, &byte, 1); // enables receiver to create interrupt when character arrives. it's placed in "byte"
      |                                                ^~~~~
In file included from ../Core/Inc/stm32f4xx_hal_conf.h:411,
                 from ../Drivers/STM32F4xx_HAL_Driver/Inc/stm32f4xx_hal.h:29,
                 from ../Core/Inc/main.h:30,
                 from ../Core/Src/main.c:20:
../Drivers/STM32F4xx_HAL_Driver/Inc/stm32f4xx_hal_uart.h:748:75: note: expected 'uint8_t *' {aka 'unsigned char *'} but argument is of type 'volatile uint8_t *' {aka 'volatile unsigned char *'}
  748 | HAL_StatusTypeDef HAL_UART_Receive_IT(UART_HandleTypeDef *huart, uint8_t *pData, uint16_t Size);
      |                                                                  ~~~~~~~~~^~~~~
../Core/Src/main.c:148:48: warning: passing argument 2 of 'HAL_UART_Receive_IT' discards 'volatile' qualifier from pointer target type [-Wdiscarded-qualifiers]
  148 |                   HAL_UART_Receive_IT(&huart2, &byte, 1); // enables receiver to create interrupt when character arrives. it's placed in "byte"
      |                                                ^~~~~
../Drivers/STM32F4xx_HAL_Driver/Inc/stm32f4xx_hal_uart.h:748:75: note: expected 'uint8_t *' {aka 'unsigned char *'} but argument is of type 'volatile uint8_t *' {aka 'volatile unsigned char *'}
  748 | HAL_StatusTypeDef HAL_UART_Receive_IT(UART_HandleTypeDef *huart, uint8_t *pData, uint16_t Size);
      |                                                                  ~~~~~~~~~^~~~~
../Core/Src/main.c:159:48: warning: passing argument 2 of 'HAL_UART_Receive_IT' discards 'volatile' qualifier from pointer target type [-Wdiscarded-qualifiers]
  159 |                   HAL_UART_Receive_IT(&huart2, &byte, 1); // enables receiver to create interrupt when character arrives. it's placed in "byte"
      |                                                ^~~~~
../Drivers/STM32F4xx_HAL_Driver/Inc/stm32f4xx_hal_uart.h:748:75: note: expected 'uint8_t *' {aka 'unsigned char *'} but argument is of type 'volatile uint8_t *' {aka 'volatile unsigned char *'}
  748 | HAL_StatusTypeDef HAL_UART_Receive_IT(UART_HandleTypeDef *huart, uint8_t *pData, uint16_t Size);
      |                                                                  ~~~~~~~~~^~~~~
../Core/Src/main.c:168:48: warning: passing argument 2 of 'HAL_UART_Receive_IT' discards 'volatile' qualifier from pointer target type [-Wdiscarded-qualifiers]
  168 |                   HAL_UART_Receive_IT(&huart2, &byte, 1); // enables receiver to create interrupt when character arrives. it's placed in "byte"
      |                                                ^~~~~
../Drivers/STM32F4xx_HAL_Driver/Inc/stm32f4xx_hal_uart.h:748:75: note: expected 'uint8_t *' {aka 'unsigned char *'} but argument is of type 'volatile uint8_t *' {aka 'volatile unsigned char *'}
  748 | HAL_StatusTypeDef HAL_UART_Receive_IT(UART_HandleTypeDef *huart, uint8_t *pData, uint16_t Size);
      |                                                                  ~~~~~~~~~^~~~~
../Core/Src/main.c: In function 'HAL_UART_RxCpltCallback':
../Core/Src/main.c:657:44: warning: passing argument 2 of 'HAL_UART_Transmit' discards 'volatile' qualifier from pointer target type [-Wdiscarded-qualifiers]
  657 |                 HAL_UART_Transmit(&huart2, &byte, 1, 100);
      |                                            ^~~~~
../Drivers/STM32F4xx_HAL_Driver/Inc/stm32f4xx_hal_uart.h:745:79: note: expected 'const uint8_t *' {aka 'const unsigned char *'} but argument is of type 'volatile uint8_t *' {aka 'volatile unsigned char *'}
  745 | HAL_StatusTypeDef HAL_UART_Transmit(UART_HandleTypeDef *huart, const uint8_t *pData, uint16_t Size, uint32_t Timeout);
      |                                                                ~~~~~~~~~~~~~~~^~~~~
../Core/Src/main.c: In function 'main':
../Core/Src/main.c:205:11: warning: 'format_time' accessing 48 bytes in a region of size 46 [-Wstringop-overflow=]
  205 |           format_time(OutputData, pipeline);
      |           ^~~~~~~~~~~~~~~~~~~~~~~~~~~~~~~~~
../Core/Src/main.c:205:11: note: referencing argument 1 of type 'output[24]'
../Core/Src/main.c:205:11: note: referencing argument 2 of type 'Pipeline[4]'
../Core/Src/main.c:677:6: note: in a call to function 'format_time'
  677 | void format_time(output output_data[24], Pipeline pipeline[4]) {
      |      ^~~~~~~~~~~
arm-none-eabi-gcc -o "Final_demo.elf" @"objects.list"   -mcpu=cortex-m4 -T"C:\ECE 298 Lab B\ECE298_LabB\Final_demo\STM32F401RETX_FLASH.ld" --specs=nosys.specs -Wl,-Map="Final_demo.map" -Wl,--gc-sections -static --specs=nano.specs -mfpu=fpv4-sp-d16 -mfloat-abi=hard -mthumb -Wl,--start-group -lc -lm -Wl,--end-group
Finished building target: Final_demo.elf
 
arm-none-eabi-size  Final_demo.elf 
arm-none-eabi-objdump -h -S Final_demo.elf  > "Final_demo.list"
   text	   data	    bss	    dec	    hex	filename
  23452	     92	   2404	  25948	   655c	Final_demo.elf
Finished building: default.size.stdout
 
Finished building: Final_demo.list
 
22:03:13 **** Incremental Build of configuration Debug for project Final_demo ****
make -j16 all 
arm-none-eabi-size  Final_demo.elf 
   text	   data	    bss	    dec	    hex	filename
  23452	     92	   2404	  25948	   655c	Final_demo.elf
Finished building: default.size.stdout
 
